[debug] [2026-06-06T10:25:32.460Z] ----------------------------------------------------------------------
[debug] [2026-06-06T10:25:32.488Z] Command:       /home/ahussain/.nvm/versions/node/v24.14.0/bin/node /home/ahussain/.nvm/versions/node/v24.14.0/bin/firebase deploy --only hosting
[debug] [2026-06-06T10:25:32.492Z] CLI Version:   15.8.0
[debug] [2026-06-06T10:25:32.492Z] Platform:      linux
[debug] [2026-06-06T10:25:32.492Z] Node Version:  v24.14.0
[debug] [2026-06-06T10:25:32.495Z] Time:          Sat Jun 06 2026 15:25:32 GMT+0500 (Pakistan Standard Time)
[debug] [2026-06-06T10:25:32.496Z] ----------------------------------------------------------------------
[debug] 
[debug] [2026-06-06T10:25:32.517Z] >>> [apiv2][query] GET https://firebase-public.firebaseio.com/cli.json [none]
[debug] [2026-06-06T10:25:35.058Z] > command requires scopes: ["email","openid","https://www.googleapis.com/auth/cloudplatformprojects.readonly","https://www.googleapis.com/auth/firebase","https://www.googleapis.com/auth/cloud-platform"]
[debug] [2026-06-06T10:25:35.059Z] > authorizing via signed-in user (azfarhussien@gmail.com)
[debug] [2026-06-06T10:25:35.059Z] [iam] checking project a221084 for permissions ["firebase.projects.get","firebasehosting.sites.update"]
[debug] [2026-06-06T10:25:35.060Z] Checked if tokens are valid: false, expires at: 1780658085635
[debug] [2026-06-06T10:25:35.060Z] Checked if tokens are valid: false, expires at: 1780658085635
[debug] [2026-06-06T10:25:35.060Z] > refreshing access token with scopes: []
[debug] [2026-06-06T10:25:35.062Z] >>> [apiv2][query] POST https://www.googleapis.com/oauth2/v3/token [none]
[debug] [2026-06-06T10:25:35.062Z] >>> [apiv2][body] POST https://www.googleapis.com/oauth2/v3/token [omitted]
[debug] [2026-06-06T10:25:36.070Z] <<< [apiv2][status] POST https://www.googleapis.com/oauth2/v3/token 200
[debug] [2026-06-06T10:25:36.070Z] <<< [apiv2][body] POST https://www.googleapis.com/oauth2/v3/token [omitted]
[debug] [2026-06-06T10:25:36.089Z] >>> [apiv2][query] POST https://cloudresourcemanager.googleapis.com/v1/projects/a221084:testIamPermissions [none]
[debug] [2026-06-06T10:25:36.089Z] >>> [apiv2][(partial)header] POST https://cloudresourcemanager.googleapis.com/v1/projects/a221084:testIamPermissions  x-goog-user-project=a221084
[debug] [2026-06-06T10:25:36.089Z] >>> [apiv2][body] POST https://cloudresourcemanager.googleapis.com/v1/projects/a221084:testIamPermissions {"permissions":["firebase.projects.get","firebasehosting.sites.update"]}
[debug] [2026-06-06T10:25:36.177Z] <<< [apiv2][status] GET https://firebase-public.firebaseio.com/cli.json 200
[debug] [2026-06-06T10:25:36.177Z] <<< [apiv2][body] GET https://firebase-public.firebaseio.com/cli.json {"cloudBuildErrorAfter":1594252800000,"cloudBuildWarnAfter":1590019200000,"defaultNode10After":1594252800000,"minVersion":"3.0.5","node8DeploysDisabledAfter":1613390400000,"node8RuntimeDisabledAfter":1615809600000,"node8WarnAfter":1600128000000}
[debug] [2026-06-06T10:25:37.686Z] <<< [apiv2][status] POST https://cloudresourcemanager.googleapis.com/v1/projects/a221084:testIamPermissions 200
[debug] [2026-06-06T10:25:37.686Z] <<< [apiv2][body] POST https://cloudresourcemanager.googleapis.com/v1/projects/a221084:testIamPermissions {"permissions":["firebase.projects.get","firebasehosting.sites.update"]}
[debug] [2026-06-06T10:25:37.686Z] Checked if tokens are valid: true, expires at: 1780745135070
[debug] [2026-06-06T10:25:37.687Z] Checked if tokens are valid: true, expires at: 1780745135070
[debug] [2026-06-06T10:25:37.687Z] >>> [apiv2][query] GET https://firebase.googleapis.com/v1beta1/projects/a221084 [none]
[debug] [2026-06-06T10:25:38.581Z] <<< [apiv2][status] GET https://firebase.googleapis.com/v1beta1/projects/a221084 200
[debug] [2026-06-06T10:25:38.582Z] <<< [apiv2][body] GET https://firebase.googleapis.com/v1beta1/projects/a221084 {"projectId":"a221084","projectNumber":"855712592094","displayName":"ahues-den","name":"projects/a221084","resources":{"hostingSite":"a221084"},"state":"ACTIVE","etag":"1_521dd81f-a869-4076-96a1-8b83b5ecb28c"}
[info] 
[info] === Deploying to 'a221084'...
[info] 
[info] i  deploying hosting 
[debug] [2026-06-06T10:25:38.591Z] Checked if tokens are valid: true, expires at: 1780745135070
[debug] [2026-06-06T10:25:38.592Z] Checked if tokens are valid: true, expires at: 1780745135070
[debug] [2026-06-06T10:25:38.592Z] >>> [apiv2][query] POST https://firebasehosting.googleapis.com/v1beta1/projects/-/sites/a221084/versions [none]
[debug] [2026-06-06T10:25:38.592Z] >>> [apiv2][body] POST https://firebasehosting.googleapis.com/v1beta1/projects/-/sites/a221084/versions {"status":"CREATED","labels":{"deployment-tool":"cli-firebase"}}
[debug] [2026-06-06T10:25:41.716Z] <<< [apiv2][status] POST https://firebasehosting.googleapis.com/v1beta1/projects/-/sites/a221084/versions 200
[debug] [2026-06-06T10:25:41.716Z] <<< [apiv2][body] POST https://firebasehosting.googleapis.com/v1beta1/projects/-/sites/a221084/versions {"name":"projects/855712592094/sites/a221084/versions/655dc1656f9d0a87","status":"CREATED","config":{},"labels":{"deployment-tool":"cli-firebase"}}
[info] i  hosting[a221084]: beginning deploy... 
[info] i  hosting[a221084]: found 85 files in _site 
[debug] [2026-06-06T10:25:41.753Z] [hosting] uploading with 200 concurrency
[debug] [2026-06-06T10:25:41.767Z] Checked if tokens are valid: true, expires at: 1780745135070
[debug] [2026-06-06T10:25:41.767Z] Checked if tokens are valid: true, expires at: 1780745135070
[debug] [2026-06-06T10:25:41.769Z] [hosting] hash cache [X3NpdGU] stored for 85 files
[debug] [2026-06-06T10:25:41.769Z] [hosting][hash queue][FINAL] {"max":8,"min":0,"avg":0.6050235605445157,"active":0,"complete":85,"success":85,"errored":0,"retried":0,"total":85,"elapsed":12}
[debug] [2026-06-06T10:25:41.770Z] >>> [apiv2][query] POST https://firebasehosting.googleapis.com/v1beta1/projects/855712592094/sites/a221084/versions/655dc1656f9d0a87:populateFiles [none]
[debug] [2026-06-06T10:25:41.770Z] >>> [apiv2][body] POST https://firebasehosting.googleapis.com/v1beta1/projects/855712592094/sites/a221084/versions/655dc1656f9d0a87:populateFiles {"files":{"/word.html":"c30cedeaeeafc103d7e93159cc3164ee1476b2c90a17507bd6fab7c3ebd81465","/where_duty_meets_desire.html":"a90caddb95cb86e4160e597bfd572ceeeb5c6acf385cd092135c79952ef6d7d7","/uncertainty_tamed.html":"6afac93e5bbc7ced8a9468ff87ef9a2381b9d0c1dcd793436c6d28483bc1e7d1","/uncertainty.jpg":"9b0ad5a5c4cf61c0ec3042eafb3c18454648ddeb9fa8951ce4b0c161d824abe3","/uncertainty.html":"c563f7339bce96c8d148ce408504cb37933de8c52bdd3ee4cc2a90e1185bb5ed","/twolives.html":"255f69f15e4226261b7c09d9a517121b58a9348cdc4c9c65d5e80e94ec064ab3","/truth.html":"c079fd39f5a42e194852cd6764d3eca911e0ca49f9411546afd6b15f51ff23ca","/transform.html":"93a960032499e01b4841e4df3f2ee674ee5125a3b17115d20a7ca561b4dfdf2f","/three-minds.html":"4c77e6e7eed760307039ccd45fff7e6e91b8adbc917df0eca3e15ff057e1a66a","/thoughtchecks.html":"8e3e1eeb1ad9803ffca6812c0387d630eceff08af67d4b9efb1a1d3fcc6d0620","/tesla.avif":"cf10606ce1bfe1027c51092278e78d1181e71e7e129401700d466227d7f16114","/tao.avif":"3c0a8a7493349b14377b0aee1705dc7d6fe976f4a58acfb2ff3a8ed78d549fe1","/stress.html":"5fbfee03759935e73e5cb9b71f3919c7e338f9858fb3c3e255a54381e9600406","/sociallyus.html":"82cbe4df3553688ae79e7461f1a256fb0c0a524d6540dbcd2cd877957890cdf9","/signal.html":"d2902333082fcab59e18d567e09762f835ac6c425df45019e9571aef4037d42d","/rumi.avif":"1bc5551527471cdd6ce0179bf10152f33a47768f2d1531274d2d959df9961c31","/reaffirmations.html":"680d2219ffd3b9ee738a1096c5e4e2c9172979365e0cdafa821e88a7c6c9aa2b","/puzzle.html":"8f5b15ac7d91366360952d63dae937b4f04fe8934a47db8ae5fd84b05bf45c24","/pushpull.html":"29f5a649178d075e0c89f97ef96b9ca635d6c3dd9c5baaa3147a16d1391aec8f","/procrastination.html":"af0973030149e90e65a7b47f6f9cf1a0d8853317d1f64627a5850a6b75e12aea","/presentfuture.html":"18ede850e6aed4de600adf487b7c0c0f4aeb5a284417caa9174fad13f700d25e","/pragmatist.html":"aee31fdaa9620693201145b112c1ec5361c8b79d642e75458e70523ba4b32b4d","/plans_and_meaning.html":"609a8849b7ab56b7ee2c7701d7c86a27728b130d020b508d1ec65195c7509df5","/personalising_challenge.html":"e419359d5da89df3aab47e00715cc71f17867e290ed3c3247222de9e99862758","/neither_dreamer_nor_cynic.html":"3c181dfb097fd25e69218723de8f68b328e5c8ecee2e1279917a60db15cdd63c","/needrelations.html":"46db770c382cd4c8266f25e542b990e15ac7bf34379c5e2c46830e0714267aa4","/motivationmodel.html":"d50b6a45b59274c49469b56b55c7ae49f86acbddcfc8e0ef5ad475dad8359eaa","/motivational_frameworks.html":"0005b8496a6555e1bb5a77fc77266ef7054238331f988049ed7c246ec70738aa","/microrelief.html":"05bb1d677f738842a16e7a782a4c6481eb276f1849da4919829724428a3105df","/metrics.html":"3ce8028395162660d5f271c3b75260360631c0ddca134779e0d450f319ebd4da","/meaning-making-mind.html":"44b312b7132a5b423412e3da29bf247a7222bbb36e296a27f1d7187f684cf4b4","/matrixeisenhower.html":"abef7c631a41f59f0355abb5d220fb507f1676a332445b049e5637c9548b4379","/matrix.avif":"a7e654b73e090aae82ce8674df4590dc883e9c4744df7eed308faf3ee4ed4669","/main.html":"e1e4823f937f55dde9cd87529e24e0181733694342a57d1ef5d5b2cfa72f50f7","/llmjung.html":"28d2506b9384b7f0d0e25ad39d825895fc2d21422d49b575d446a6db005f6ab5","/knowledgewisdom.html":"b13a0d4ec563eff13de4cbecf9f58cd29fe267821136ceef027a07db92c67d04","/knowledgeagency.html":"a93e47fb2ca6fd7811060525fa92f06a7e8259e0e4052c44fcf0f10c9e039915","/innerwork.html":"5cf68c8ae512cb7674948904d41f4cb3f380ee431cdf184fa7b936a421c7a2d3","/index.html":"4220d78ac93fbf5335ab502ba6bf92762e042d2ded9cd4fce98b651e955e1f67","/hooked.html":"d1b19b8fd05c6960cf731dd734f1071f7f58181e01f02dd9933fb4f9cc9b723d","/heuristic.html":"ff572a488b5f60f23851134d2bd0a89d9afc1702e03cf90a47e0c141913e7618","/healthyintervention.html":"eba26955d00b13f07f2a6b21c4bb6f2194be631e7f38c2aa49a2f6a2c02e552c","/hackstress.html":"67c3a7c07d28bd130e3befdf981d37806f515a6dc9e84ddf1ca3f988b35eb63e","/gtdstress.html":"9e09ce1f4751117703c48ae7a0d4cf310efee9dcf1763790d667a58f1ce3f632","/gtdcritical.html":"4b39b0ea49ab2dee575ea2fb0644177b3b2e84591d055fdd6aa6ecf7693a0209","/freedom-paradox.html":"08e6d560e67e7839becb79005569d3f66c106a571df81929ee6a8cddb4c305b1","/four_tools_problem_solving.html":"d9d208d5cc68f2e808509d9d092d59c2a27049f981139b4db3401e86606d2943","/foolish.html":"e0f08f2a593adfc2eebfa4644e324f4eda11533f6961113753f5602032eda551","/feelings.html":"c521872300a3f77133113a28e42a7cedcb6b7384d60a8878d37c9028fe2b08ab","/feed.xml":"91fd6cbc4ac2da8009051761b10eaa19c762ec37124e8ddbd980975c7234b9c6","/fear_curiosity_essay.html":"cba7690125528f6cce8397cee46ecaca82f5f4c17bdcc65f5961a77183230f4d","/false-motivation.html":"c1d9f349207c8f84fcc63ffaf9377de5ad212d6a6433c2b9d307d641b021374b","/eustress.html":"f71d744127cc6619c64f3dd6703f24ef8ec58135b97ed6df44361f6355910c82","/emotions.html":"4f34cada8830c73864a0261ad3ad013f97fbbd27ee882e34674cb16c1b7ae720","/easy_difficulty.html":"4c8aa5391aa566bba0c3176605f5b085961c7d34e04c767001533204c9b90051","/dukkha.html":"e5b84ddd63a5eb25400f1b8e7359b815f3db2394097637df5e84ab22ffa8ab83","/dreameraccountant.html":"febcb661fbdbd512e51bdda440e36cff91f08699fd00d71efd74b807b24f3430","/diversity.html":"70d283ce1e73d32f01b851118e8ba4295bf3ed5be6a56b8736268d590af48725","/dance.html":"cdff70256b6aafa8de1547b4ece25590a61071ade03cdf7dcd26f3f73947b7d1","/creativity.html":"5a1b2d9ed67ae136eb5346f346ea5abb6382e3709e9ecf61424e31d1b8d15040","/coping.html":"b927c8320aa9d54b933c7ca8970efcf2ee5d178d3cdae96ab36f1566bb9b5005","/contrast.html":"5cffd0880df5e01d5d189cc20308022be4dd0a38a1cd207da0ba70aaa07ae9b6","/connecting_dots.html":"4d4d1e7bb22ad10f8baf4392c1c03043521537baa7d055044ba2b24db3f1dfdc","/conflict.html":"dae31fd832efd956470bf20744b8aa7808933f40f795b41c27da4dbd50d19628","/concerto.html":"1d432dabc2ad71dfe0af384ec7dddb2756167e2dd3711a63abe2a2124932b6da","/changemodel.html":"b2bf05b92fb366c8d2ff8ce5ae7722679e47bff9871ba606025dc96e5a2f99c0","/budget.html":"8aceb44d79b571740d6979c0e0b3ab8d2ee37dc0ac6676db64655c4fffad2e23","/brain_hacks_problem_solving.html":"342af580c8c50e4d60be1d7001d92036c83c5b451c6817dfce09dae2a94df652","/brain_hacking.html":"8491af4c2fa87094f75783cdee1a821158e3a5e06836829bc520798d479c4bd6","/beyondsuccess.html":"d0cf7972c8185ec77ca418b526743a588202daa7ec94e7794c8e7d4a73052632","/bewater.html":"1c8dc380cb916c8bef45a318127ed9927a9d368b7ad02a03cea215b1c060e52e","/beliefs.html":"12e54a4508f9137d269a828459d3e4a1a95ff8283bd2952dffefe1fc64e53bd0","/beginningendings.html":"cdbe9596bdad1e8b4d7693ddcc086cbdd0a06ef62210a4fb9b0f911e9893a4bf","/beginning.html":"460e4ada83c9abad90321d44187cebab7a6039f5876596103220fba97384685d","/becoming.html":"ac1e3391772453b4efa7f6ea8c660631a62d2db1db5faa31994acbb1fabfac63","/anchorhood.html":"123111481d88f554ca3202be3a24f68349cbb6e74ca49767dc1101831cd61fc5","/act.html":"6038d15b12b666728453c8ad02aac207ecd85251f326a1f0922887b01d8103f8","/404.html":"32f494d7d8ed84a6e86504e78f01a5dc724064ea5934241df7bff756048d6988","/public/index.html":"6c8ff3e966970beedda909f669589746f27608fb58ff9e669f1da8663b67a44c","/jekyll/update/2025/11/27/welcome-to-jekyll.html":"b131f36be5737086bc1a3175afe187678bd3f44fcfb86161491397b0902e24f2","/assets/minima-social-icons.svg":"e32c0d49213d50401addb0a352b0d9fd7fbc9984a5e8f63962a491496d988e77","/assets/main.css.map":"191d9ea525d0ee08726c394c4c1a0a9ad9653cf53cc395a9ef0fc6c65acdd937","/assets/main.css":"290cc5b573a8040614487d4dcc5c40c291a0993d8e9754a92e607eb1203fac4c","/about/index.html":"c0fc884a92a7fb58c8a98712f641372fa80a9836a26fb4fe404948710154832d","/the_hygiene_of_the_inner_life.html":"5c67594b03d95b590cb682e76feca40dab66cf37eb1eabac17e3e8afe6f135b2"}}
[debug] [2026-06-06T10:25:43.010Z] <<< [apiv2][status] POST https://firebasehosting.googleapis.com/v1beta1/projects/855712592094/sites/a221084/versions/655dc1656f9d0a87:populateFiles 200
[debug] [2026-06-06T10:25:43.010Z] <<< [apiv2][body] POST https://firebasehosting.googleapis.com/v1beta1/projects/855712592094/sites/a221084/versions/655dc1656f9d0a87:populateFiles {"uploadRequiredHashes":["5c67594b03d95b590cb682e76feca40dab66cf37eb1eabac17e3e8afe6f135b2"],"uploadUrl":"https://upload-firebasehosting.googleapis.com/upload/sites/a221084/versions/655dc1656f9d0a87/files"}
[debug] [2026-06-06T10:25:43.011Z] Checked if tokens are valid: true, expires at: 1780745135070
[debug] [2026-06-06T10:25:43.011Z] Checked if tokens are valid: true, expires at: 1780745135070
[debug] [2026-06-06T10:25:43.011Z] >>> [apiv2][query] POST https://upload-firebasehosting.googleapis.com/upload/sites/a221084/versions/655dc1656f9d0a87/files/5c67594b03d95b590cb682e76feca40dab66cf37eb1eabac17e3e8afe6f135b2 [none]
[debug] [2026-06-06T10:25:43.011Z] >>> [apiv2][body] POST https://upload-firebasehosting.googleapis.com/upload/sites/a221084/versions/655dc1656f9d0a87/files/5c67594b03d95b590cb682e76feca40dab66cf37eb1eabac17e3e8afe6f135b2 [stream]
[debug] [2026-06-06T10:25:43.013Z] [hosting][populate queue][FINAL] {"max":1244,"min":1244,"avg":1244,"active":0,"complete":1,"success":1,"errored":0,"retried":0,"total":1,"elapsed":1246}
[debug] [2026-06-06T10:25:43.013Z] [hosting] uploads queued: 1
[debug] [2026-06-06T10:25:44.646Z] <<< [apiv2][status] POST https://upload-firebasehosting.googleapis.com/upload/sites/a221084/versions/655dc1656f9d0a87/files/5c67594b03d95b590cb682e76feca40dab66cf37eb1eabac17e3e8afe6f135b2 200
[debug] [2026-06-06T10:25:44.646Z] <<< [apiv2][body] POST https://upload-firebasehosting.googleapis.com/upload/sites/a221084/versions/655dc1656f9d0a87/files/5c67594b03d95b590cb682e76feca40dab66cf37eb1eabac17e3e8afe6f135b2 [stream]
[debug] [2026-06-06T10:25:44.646Z] [hosting][upload queue][FINAL] {"max":1635,"min":1635,"avg":1635,"active":0,"complete":1,"success":1,"errored":0,"retried":0,"total":1,"elapsed":1635}
[info] ✔  hosting[a221084]: file upload complete 
[debug] [2026-06-06T10:25:44.648Z] [hosting] deploy completed after 2928ms
[debug] [2026-06-06T10:25:44.648Z] [
  {
    "config": {
      "public": "_site",
      "ignore": [
        "firebase.json",
        "**/.*",
        "**/node_modules/**"
      ],
      "rewrites": [
        {
          "source": "**",
          "destination": "/index.html"
        }
      ],
      "site": "a221084"
    },
    "version": "projects/855712592094/sites/a221084/versions/655dc1656f9d0a87"
  }
]
[info] i  hosting[a221084]: finalizing version... 
[debug] [2026-06-06T10:25:44.654Z] Checked if tokens are valid: true, expires at: 1780745135070
[debug] [2026-06-06T10:25:44.654Z] Checked if tokens are valid: true, expires at: 1780745135070
[debug] [2026-06-06T10:25:44.654Z] >>> [apiv2][query] PATCH https://firebasehosting.googleapis.com/v1beta1/projects/-/sites/a221084/versions/655dc1656f9d0a87 updateMask=status%2Cconfig
[debug] [2026-06-06T10:25:44.654Z] >>> [apiv2][body] PATCH https://firebasehosting.googleapis.com/v1beta1/projects/-/sites/a221084/versions/655dc1656f9d0a87 {"status":"FINALIZED","config":{"rewrites":[{"glob":"**","path":"/index.html"}]}}
[debug] [2026-06-06T10:25:46.140Z] <<< [apiv2][status] PATCH https://firebasehosting.googleapis.com/v1beta1/projects/-/sites/a221084/versions/655dc1656f9d0a87 200
[debug] [2026-06-06T10:25:46.141Z] <<< [apiv2][body] PATCH https://firebasehosting.googleapis.com/v1beta1/projects/-/sites/a221084/versions/655dc1656f9d0a87 {"name":"projects/855712592094/sites/a221084/versions/655dc1656f9d0a87","status":"FINALIZED","config":{"rewrites":[{"glob":"**","path":"/index.html"}]},"labels":{"deployment-tool":"cli-firebase"},"createTime":"2026-06-06T10:25:40.342962Z","createUser":{"email":"azfarhussien@gmail.com"},"finalizeTime":"2026-06-06T10:25:45.880518Z","finalizeUser":{"email":"azfarhussien@gmail.com"}}
[debug] [2026-06-06T10:25:46.141Z] [hosting] finalized version for a221084:[object Object]
[info] ✔  hosting[a221084]: version finalized 
[info] i  hosting[a221084]: releasing new version... 
[debug] [2026-06-06T10:25:46.141Z] Checked if tokens are valid: true, expires at: 1780745135070
[debug] [2026-06-06T10:25:46.142Z] Checked if tokens are valid: true, expires at: 1780745135070
[debug] [2026-06-06T10:25:46.142Z] >>> [apiv2][query] POST https://firebasehosting.googleapis.com/v1beta1/projects/-/sites/a221084/channels/live/releases versionName=projects%2F855712592094%2Fsites%2Fa221084%2Fversions%2F655dc1656f9d0a87
[debug] [2026-06-06T10:25:46.142Z] >>> [apiv2][body] POST https://firebasehosting.googleapis.com/v1beta1/projects/-/sites/a221084/channels/live/releases {}
[debug] [2026-06-06T10:25:48.155Z] <<< [apiv2][status] POST https://firebasehosting.googleapis.com/v1beta1/projects/-/sites/a221084/channels/live/releases 200
[debug] [2026-06-06T10:25:48.155Z] <<< [apiv2][body] POST https://firebasehosting.googleapis.com/v1beta1/projects/-/sites/a221084/channels/live/releases {"name":"projects/855712592094/sites/a221084/channels/live/releases/1780741546962000","version":{"name":"projects/855712592094/sites/a221084/versions/655dc1656f9d0a87","status":"FINALIZED","config":{"rewrites":[{"glob":"**","path":"/index.html"}]},"labels":{"deployment-tool":"cli-firebase"},"createTime":"2026-06-06T10:25:40.342962Z","createUser":{"email":"azfarhussien@gmail.com","imageUrl":"https://lh3.googleusercontent.com/a/ACg8ocLmopKiaSh6oSYxabvtPrebAcK2FJuv9VtMve_0j6GY96qC8Ak"},"finalizeTime":"2026-06-06T10:25:45.880518Z","finalizeUser":{"email":"azfarhussien@gmail.com","imageUrl":"https://lh3.googleusercontent.com/a/ACg8ocLmopKiaSh6oSYxabvtPrebAcK2FJuv9VtMve_0j6GY96qC8Ak"}},"type":"DEPLOY","releaseTime":"2026-06-06T10:25:46.962Z","releaseUser":{"email":"azfarhussien@gmail.com","imageUrl":"https://lh3.googleusercontent.com/a/ACg8ocLmopKiaSh6oSYxabvtPrebAcK2FJuv9VtMve_0j6GY96qC8Ak"}}
[debug] [2026-06-06T10:25:48.156Z] [hosting] release: {"name":"projects/855712592094/sites/a221084/channels/live/releases/1780741546962000","version":{"name":"projects/855712592094/sites/a221084/versions/655dc1656f9d0a87","status":"FINALIZED","config":{"rewrites":[{"glob":"**","path":"/index.html"}]},"labels":{"deployment-tool":"cli-firebase"},"createTime":"2026-06-06T10:25:40.342962Z","createUser":{"email":"azfarhussien@gmail.com","imageUrl":"https://lh3.googleusercontent.com/a/ACg8ocLmopKiaSh6oSYxabvtPrebAcK2FJuv9VtMve_0j6GY96qC8Ak"},"finalizeTime":"2026-06-06T10:25:45.880518Z","finalizeUser":{"email":"azfarhussien@gmail.com","imageUrl":"https://lh3.googleusercontent.com/a/ACg8ocLmopKiaSh6oSYxabvtPrebAcK2FJuv9VtMve_0j6GY96qC8Ak"}},"type":"DEPLOY","releaseTime":"2026-06-06T10:25:46.962Z","releaseUser":{"email":"azfarhussien@gmail.com","imageUrl":"https://lh3.googleusercontent.com/a/ACg8ocLmopKiaSh6oSYxabvtPrebAcK2FJuv9VtMve_0j6GY96qC8Ak"}}
[info] ✔  hosting[a221084]: release complete 
[info] 
[info] ✔  Deploy complete! 
[info] 
[info] Project Console: https://console.firebase.google.com/project/a221084/overview
[info] Hosting URL: https://a221084.web.app
[debug] [2026-06-06T10:25:53.592Z] Error: Timed out.
    at Timeout.<anonymous> (/home/ahussain/.nvm/versions/node/v24.14.0/lib/node_modules/firebase-tools/lib/utils.js:308:49)
    at listOnTimeout (node:internal/timers:605:17)
    at process.processTimers (node:internal/timers:541:7)
[error] 
[error] Error: An unexpected error has occurred.
